// Jest Snapshot v1, https://goo.gl/fbAQLP

exports[`Display Navbar Navbar renders correctly 1`] = `
Object {
  "asFragment": [Function],
  "baseElement": <body>
    <div>
      <nav
        class="navBar"
      >
        <div
          class="navItems"
        >
          <ul
            class="navLinks"
          >
            <li>
              <a
                href="/profile"
              >
                MyProfile
              </a>
            </li>
            <li>
              <a
                href="/missions"
              >
                Missions
              </a>
            </li>
            <li>
              <a
                href="/rockets"
              >
                Rockets
              </a>
            </li>
          </ul>
        </div>
        <div
          class="logoTitleContainer"
        >
          <h2
            class="navTitle"
          >
            Space Travelers Hub
          </h2>
          <img
            alt="logo"
            class="logo"
            src="logo.png"
          />
        </div>
      </nav>
    </div>
  </body>,
  "container": <div>
    <nav
      class="navBar"
    >
      <div
        class="navItems"
      >
        <ul
          class="navLinks"
        >
          <li>
            <a
              href="/profile"
            >
              MyProfile
            </a>
          </li>
          <li>
            <a
              href="/missions"
            >
              Missions
            </a>
          </li>
          <li>
            <a
              href="/rockets"
            >
              Rockets
            </a>
          </li>
        </ul>
      </div>
      <div
        class="logoTitleContainer"
      >
        <h2
          class="navTitle"
        >
          Space Travelers Hub
        </h2>
        <img
          alt="logo"
          class="logo"
          src="logo.png"
        />
      </div>
    </nav>
  </div>,
  "debug": [Function],
  "findAllByAltText": [Function],
  "findAllByDisplayValue": [Function],
  "findAllByLabelText": [Function],
  "findAllByPlaceholderText": [Function],
  "findAllByRole": [Function],
  "findAllByTestId": [Function],
  "findAllByText": [Function],
  "findAllByTitle": [Function],
  "findByAltText": [Function],
  "findByDisplayValue": [Function],
  "findByLabelText": [Function],
  "findByPlaceholderText": [Function],
  "findByRole": [Function],
  "findByTestId": [Function],
  "findByText": [Function],
  "findByTitle": [Function],
  "getAllByAltText": [Function],
  "getAllByDisplayValue": [Function],
  "getAllByLabelText": [Function],
  "getAllByPlaceholderText": [Function],
  "getAllByRole": [Function],
  "getAllByTestId": [Function],
  "getAllByText": [Function],
  "getAllByTitle": [Function],
  "getByAltText": [Function],
  "getByDisplayValue": [Function],
  "getByLabelText": [Function],
  "getByPlaceholderText": [Function],
  "getByRole": [Function],
  "getByTestId": [Function],
  "getByText": [Function],
  "getByTitle": [Function],
  "queryAllByAltText": [Function],
  "queryAllByDisplayValue": [Function],
  "queryAllByLabelText": [Function],
  "queryAllByPlaceholderText": [Function],
  "queryAllByRole": [Function],
  "queryAllByTestId": [Function],
  "queryAllByText": [Function],
  "queryAllByTitle": [Function],
  "queryByAltText": [Function],
  "queryByDisplayValue": [Function],
  "queryByLabelText": [Function],
  "queryByPlaceholderText": [Function],
  "queryByRole": [Function],
  "queryByTestId": [Function],
  "queryByText": [Function],
  "queryByTitle": [Function],
  "rerender": [Function],
  "unmount": [Function],
}
`;
